usage: bundle_run plan [-h] [--out OUT] [--repeat K]
                       [--repeat-policy {disperse,local,nested}]
                       [--repeat-scope {all,metrics}]
                       [--repeat-environments E] [--config-file PATH]
                       [--budget-mandatory-rows N|none]
                       [--budget-final-candidates N|none]
                       [--budget-disk-bytes N|none] [--budget-inodes N|none]
                       [--budget-wall-time-seconds N|none]
                       [--budget-requests N|none]
                       [--budget-monetary-cost N|none]
                       [--budget-warn-fraction BUDGET_WARN_FRACTION]
                       [--class-smoke-max CLASS_SMOKE_MAX]
                       [--class-bounded-max CLASS_BOUNDED_MAX]
                       [--class-large-max CLASS_LARGE_MAX]
                       [--template-sample-bytes TEMPLATE_SAMPLE_BYTES]
                       [--per-candidate-seconds-min PER_CANDIDATE_SECONDS_MIN]
                       [--per-candidate-seconds-max PER_CANDIDATE_SECONDS_MAX]
                       [--cost-per-candidate COST_PER_CANDIDATE]
                       [--coverage-strength T] [--coverage-optimal]
                       [--coverage-budget N] [--debug]
                       spec_dir
bundle_run plan: error: unrecognized arguments: --budget-wall-seconds 600
