spec 'shape'  (21-d14-solver-relations/planning/shape.toml)
  spec_version=1  sha256=db0e94b6313e72545b209c9269a784b78bd32908f5af05ecadfb95ca71c28cef
  slots: 6   seq_extra rows: 6
operator table:
  HEAD: FW_Combi(1)  n=1
  IMPL: FW_Combi(1)  n=3
  INSTANCE: FW_Combi(1)  n=4
  RELABEL: FW_Combi(1)  n=3
  EDIT: FW_Combi(1)  n=2
  TAIL: FW_Combi(1)  n=1
constraints present: 0

raw values (declared per-slot sizes):
  HEAD: 1
  IMPL: 3
  INSTANCE: 4
  RELABEL: 3
  EDIT: 2
  TAIL: 1
per-slot Core rows:
  HEAD: 1  (EXACT — HEAD: FW_Combi(1)(n=1) -> FW_Combi(size))
  IMPL: 3  (EXACT — IMPL: FW_Combi(1)(n=3) -> FW_Combi(size))
  INSTANCE: 4  (EXACT — INSTANCE: FW_Combi(1)(n=4) -> FW_Combi(size))
  RELABEL: 6  (EXACT — RELABEL: FW_Permut()(n=3) -> FW_Combi(size))
  EDIT: 2  (EXACT — EDIT: FW_Combi(1)(n=2) -> FW_Combi(size))
  TAIL: 1  (EXACT — TAIL: FW_Combi(1)(n=1) -> FW_Combi(size))
mandatory Core product: 144  (EXACT — Π rows(sheet) over the mandatory sheets of the effective FW_Seq program)
estimated post-sieve: 144  (EXACT — = mandatory (no constraints declared -> sieve is a no-op))
optional multiplier: 1  (EXACT — no FW_Optional sheets -> factor 1)
final candidate count: 144  (EXACT — post_sieve × optional_multiplier)

summary: mandatory=144 (EXACT, before sieve)  post-sieve=144 (EXACT, after-sieve estimate)  optional×1 (EXACT)  final=144 (EXACT)

run class: S  (final candidate count = 144)
Core DB bytes: ~158400  [28800, 288000]  (ESTIMATED — Core DB bytes ≈ Core rows count [144, 144] × 200-2000 per unit)
    assumption: per-unit cost assumed in [200-2000] without a real sample — replace with a measured value (e.g. via `bundle doctor`/the stage benchmark harness) for a tighter range
Results DB bytes: ~118800  [21600, 216000]  (ESTIMATED — Results DB bytes ≈ verdict rows (V) count [144, 144] × 150-1500 per unit)
    assumption: per-unit cost assumed in [150-1500] without a real sample — replace with a measured value (e.g. via `bundle doctor`/the stage benchmark harness) for a tighter range
candidate source bytes: ~396000  [72000, 720000]  (ESTIMATED — candidate source bytes ≈ final candidates count [144, 144] × 500-5000 per unit)
    assumption: no template sample provided — candidate source size assumed in the generic range (500, 5000) bytes; pass a real sample (`template_sample_bytes`) for a sound estimate
    assumption: per-unit cost assumed in [500-5000] without a real sample — replace with a measured value (e.g. via `bundle doctor`/the stage benchmark harness) for a tighter range
loose-file inode count: ~144  [144, 144]  (ESTIMATED — loose-file inode count ≈ final candidates count [144, 144] × 1 per unit)
    assumption: one inode per loose candidate file — the compressed shard sink (STEP 32) would change this ratio; not yet active by default
    assumption: per-unit cost assumed in [1] without a real sample — replace with a measured value (e.g. via `bundle doctor`/the stage benchmark harness) for a tighter range
external request count: ~144  [144, 144]  (ESTIMATED — external request count ≈ measurement opportunities (I) count [144, 144] × 1 per unit)
    assumption: one execution request per candidate invocation; I = V + metric-only repeats (docs/24 §3.3)
    assumption: per-unit cost assumed in [1] without a real sample — replace with a measured value (e.g. via `bundle doctor`/the stage benchmark harness) for a tighter range
execution duration (s): ~147  [7, 288]  (ESTIMATED — execution duration (seconds) ≈ measurement opportunities (I) count [144, 144] × 0.05-2 per unit)
    assumption: per-candidate cost assumed in [0.05, 2] seconds, single worker — no parallelism/backpressure modelled (see STEP 33/34)
    assumption: with repeats active, duration ≈ I × per-candidate cost — the CONSERVATIVE assumption t_m == t_v (a metric-only re-measure costs as much as a full verdict); the split V·t_v + metric_only·t_m awaits Phase 4's measured t_m
    assumption: per-unit cost assumed in [0.05-2] without a real sample — replace with a measured value (e.g. via `bundle doctor`/the stage benchmark harness) for a tighter range
dominant resource: candidate source bytes  (largest assumed point estimate (396000) among sizable dimensions — a rough cross-unit signal only; budget gates (STEP 12) will provide a normalized ranking)

repeat plan: K=1 — repeat topology inactive (A=V=I=C); legacy single-run path

budget evaluation (analysis-only; the run path is the enforcement point):
  [WARNING] mandatory Core rows ~144 exceeds warning threshold 100 (hard limit 200)
  [WARNING] final candidates ~144 exceeds warning threshold 100 (hard limit 200)
  [OK] estimated disk bytes (Core+Results+sources) ~1.224e+06 within budget (limit 1.5e+08)
  [OK] estimated loose-file inodes ~144 within budget (limit 2e+06)
  [OK] estimated wall time (s) ~288 within budget (limit 600)
  [OK] estimated external requests ~144 within budget (limit 2e+06)
  [OK] estimated monetary cost: no limit configured

warnings: none
  ✓ plan -> 21-d14-solver-relations/planning/plan/plan.json  (FW_Seq graph sha256:f38457f117bbc6f5a3b6faaea2e1397d4ef7223eb3d33502f10d1f740dda7096)
