spec 'shape'  (13-d12-cyclic-patterns/planning/classes/shape.toml)
  spec_version=1  sha256=17f71a7b069b414c11b1aec9b9c8acd27ce4097d4b80348d7e45f88b69c3cc51
  slots: 3   seq_extra rows: 3
operator table:
  HEAD: FW_Combi(1)  n=1
  PATTERN: FW_Combi(1)  n=130
  TAIL: FW_Combi(1)  n=1
constraints present: 0

raw values (declared per-slot sizes):
  HEAD: 1
  PATTERN: 130
  TAIL: 1
per-slot Core rows:
  HEAD: 1  (EXACT — HEAD: FW_Combi(1)(n=1) -> FW_Combi(size))
  PATTERN: 130  (EXACT — PATTERN: FW_Combi(1)(n=130) -> FW_Combi(size))
  TAIL: 1  (EXACT — TAIL: FW_Combi(1)(n=1) -> FW_Combi(size))
mandatory Core product: 130  (EXACT — Π rows(sheet) over the mandatory sheets of the effective FW_Seq program)
estimated post-sieve: 130  (EXACT — = mandatory (no constraints declared -> sieve is a no-op))
optional multiplier: 1  (EXACT — no FW_Optional sheets -> factor 1)
final candidate count: 130  (EXACT — post_sieve × optional_multiplier)

summary: mandatory=130 (EXACT, before sieve)  post-sieve=130 (EXACT, after-sieve estimate)  optional×1 (EXACT)  final=130 (EXACT)

run class: S  (final candidate count = 130)
Core DB bytes: ~143000  [26000, 260000]  (ESTIMATED — Core DB bytes ≈ Core rows count [130, 130] × 200-2000 per unit)
    assumption: per-unit cost assumed in [200-2000] without a real sample — replace with a measured value (e.g. via `bundle doctor`/the stage benchmark harness) for a tighter range
Results DB bytes: ~107250  [19500, 195000]  (ESTIMATED — Results DB bytes ≈ verdict rows (V) count [130, 130] × 150-1500 per unit)
    assumption: per-unit cost assumed in [150-1500] without a real sample — replace with a measured value (e.g. via `bundle doctor`/the stage benchmark harness) for a tighter range
candidate source bytes: ~357500  [65000, 650000]  (ESTIMATED — candidate source bytes ≈ final candidates count [130, 130] × 500-5000 per unit)
    assumption: no template sample provided — candidate source size assumed in the generic range (500, 5000) bytes; pass a real sample (`template_sample_bytes`) for a sound estimate
    assumption: per-unit cost assumed in [500-5000] without a real sample — replace with a measured value (e.g. via `bundle doctor`/the stage benchmark harness) for a tighter range
loose-file inode count: ~130  [130, 130]  (ESTIMATED — loose-file inode count ≈ final candidates count [130, 130] × 1 per unit)
    assumption: one inode per loose candidate file — the compressed shard sink (STEP 32) would change this ratio; not yet active by default
    assumption: per-unit cost assumed in [1] without a real sample — replace with a measured value (e.g. via `bundle doctor`/the stage benchmark harness) for a tighter range
external request count: ~130  [130, 130]  (ESTIMATED — external request count ≈ measurement opportunities (I) count [130, 130] × 1 per unit)
    assumption: one execution request per candidate invocation; I = V + metric-only repeats (docs/24 §3.3)
    assumption: per-unit cost assumed in [1] without a real sample — replace with a measured value (e.g. via `bundle doctor`/the stage benchmark harness) for a tighter range
execution duration (s): ~133  [6, 260]  (ESTIMATED — execution duration (seconds) ≈ measurement opportunities (I) count [130, 130] × 0.05-2 per unit)
    assumption: per-candidate cost assumed in [0.05, 2] seconds, single worker — no parallelism/backpressure modelled (see STEP 33/34)
    assumption: with repeats active, duration ≈ I × per-candidate cost — the CONSERVATIVE assumption t_m == t_v (a metric-only re-measure costs as much as a full verdict); the split V·t_v + metric_only·t_m awaits Phase 4's measured t_m
    assumption: per-unit cost assumed in [0.05-2] without a real sample — replace with a measured value (e.g. via `bundle doctor`/the stage benchmark harness) for a tighter range
dominant resource: candidate source bytes  (largest assumed point estimate (357500) among sizable dimensions — a rough cross-unit signal only; budget gates (STEP 12) will provide a normalized ranking)

repeat plan: K=1 — repeat topology inactive (A=V=I=C); legacy single-run path

budget evaluation (analysis-only; the run path is the enforcement point):
  [OK] mandatory Core rows ~130 within budget (limit 2e+06)
  [OK] final candidates ~130 within budget (limit 2e+06)
  [OK] estimated disk bytes (Core+Results+sources) ~1.105e+06 within budget (limit 2.14748e+10)
  [OK] estimated loose-file inodes ~130 within budget (limit 2e+06)
  [OK] estimated wall time (s) ~260 within budget (limit 86400)
  [OK] estimated external requests ~130 within budget (limit 2e+06)
  [OK] estimated monetary cost: no limit configured

warnings: none
  ✓ plan -> 13-d12-cyclic-patterns/planning/classes/plan/plan.json  (FW_Seq graph sha256:f3c97e45a24e8283b7e5084db8f3d897640e989f489e626c38d8babab2bcbcc4)
