spec 'universe'  (18-d13-context-position/planning/universe.toml)
  spec_version=1  sha256=060511c941d0c19001b1b103c5b04caf4ef5c430468d2fb6bca031bba062f5b3
  slots: 5   seq_extra rows: 5
operator table:
  HEAD: FW_Combi(1)  n=1
  IMPL: FW_Combi(1)  n=3
  TASK: FW_Combi(1)  n=2
  ORDER: FW_Combi(1)  n=6
  TAIL: FW_Combi(1)  n=1
constraints present: 0

raw values (declared per-slot sizes):
  HEAD: 1
  IMPL: 3
  TASK: 2
  ORDER: 6
  TAIL: 1
per-slot Core rows:
  HEAD: 1  (EXACT — HEAD: FW_Combi(1)(n=1) -> FW_Combi(size))
  IMPL: 3  (EXACT — IMPL: FW_Combi(1)(n=3) -> FW_Combi(size))
  TASK: 2  (EXACT — TASK: FW_Combi(1)(n=2) -> FW_Combi(size))
  ORDER: 720  (EXACT — ORDER: FW_Permut()(n=6) -> FW_Combi(size))
  TAIL: 1  (EXACT — TAIL: FW_Combi(1)(n=1) -> FW_Combi(size))
mandatory Core product: 4320  (EXACT — Π rows(sheet) over the mandatory sheets of the effective FW_Seq program)
estimated post-sieve: 4320  (EXACT — = mandatory (no constraints declared -> sieve is a no-op))
optional multiplier: 1  (EXACT — no FW_Optional sheets -> factor 1)
final candidate count: 4320  (EXACT — post_sieve × optional_multiplier)

summary: mandatory=4320 (EXACT, before sieve)  post-sieve=4320 (EXACT, after-sieve estimate)  optional×1 (EXACT)  final=4320 (EXACT)

run class: B  (final candidate count = 4320)
Core DB bytes: ~4752000  [864000, 8640000]  (ESTIMATED — Core DB bytes ≈ Core rows count [4320, 4320] × 200-2000 per unit)
    assumption: per-unit cost assumed in [200-2000] without a real sample — replace with a measured value (e.g. via `bundle doctor`/the stage benchmark harness) for a tighter range
Results DB bytes: ~3564000  [648000, 6480000]  (ESTIMATED — Results DB bytes ≈ verdict rows (V) count [4320, 4320] × 150-1500 per unit)
    assumption: per-unit cost assumed in [150-1500] without a real sample — replace with a measured value (e.g. via `bundle doctor`/the stage benchmark harness) for a tighter range
candidate source bytes: ~11880000  [2160000, 21600000]  (ESTIMATED — candidate source bytes ≈ final candidates count [4320, 4320] × 500-5000 per unit)
    assumption: no template sample provided — candidate source size assumed in the generic range (500, 5000) bytes; pass a real sample (`template_sample_bytes`) for a sound estimate
    assumption: per-unit cost assumed in [500-5000] without a real sample — replace with a measured value (e.g. via `bundle doctor`/the stage benchmark harness) for a tighter range
loose-file inode count: ~4320  [4320, 4320]  (ESTIMATED — loose-file inode count ≈ final candidates count [4320, 4320] × 1 per unit)
    assumption: one inode per loose candidate file — the compressed shard sink (STEP 32) would change this ratio; not yet active by default
    assumption: per-unit cost assumed in [1] without a real sample — replace with a measured value (e.g. via `bundle doctor`/the stage benchmark harness) for a tighter range
external request count: ~4320  [4320, 4320]  (ESTIMATED — external request count ≈ measurement opportunities (I) count [4320, 4320] × 1 per unit)
    assumption: one execution request per candidate invocation; I = V + metric-only repeats (docs/24 §3.3)
    assumption: per-unit cost assumed in [1] without a real sample — replace with a measured value (e.g. via `bundle doctor`/the stage benchmark harness) for a tighter range
execution duration (s): ~4428  [216, 8640]  (ESTIMATED — execution duration (seconds) ≈ measurement opportunities (I) count [4320, 4320] × 0.05-2 per unit)
    assumption: per-candidate cost assumed in [0.05, 2] seconds, single worker — no parallelism/backpressure modelled (see STEP 33/34)
    assumption: with repeats active, duration ≈ I × per-candidate cost — the CONSERVATIVE assumption t_m == t_v (a metric-only re-measure costs as much as a full verdict); the split V·t_v + metric_only·t_m awaits Phase 4's measured t_m
    assumption: per-unit cost assumed in [0.05-2] without a real sample — replace with a measured value (e.g. via `bundle doctor`/the stage benchmark harness) for a tighter range
dominant resource: candidate source bytes  (largest assumed point estimate (11880000) among sizable dimensions — a rough cross-unit signal only; budget gates (STEP 12) will provide a normalized ranking)

repeat plan: K=1 — repeat topology inactive (A=V=I=C); legacy single-run path

budget evaluation (analysis-only; the run path is the enforcement point):
  [OK] mandatory Core rows ~4320 within budget (limit 2e+06)
  [OK] final candidates ~4320 within budget (limit 2e+06)
  [OK] estimated disk bytes (Core+Results+sources) ~3.672e+07 within budget (limit 2.14748e+10)
  [OK] estimated loose-file inodes ~4320 within budget (limit 2e+06)
  [OK] estimated wall time (s) ~8640 within budget (limit 86400)
  [OK] estimated external requests ~4320 within budget (limit 2e+06)
  [OK] estimated monetary cost: no limit configured

warnings: none
  ✓ plan -> 18-d13-context-position/planning/universe-plan/plan.json  (FW_Seq graph sha256:95fea81e74394582bddfecc91dfc36eef6c4e10da94fc126b2fe68fc5e1029bf)
