spec 'shape'  (20-d14-sql-partitioning/planning/shape.toml)
  spec_version=1  sha256=647760a04da79b9616a01546d8e4ab5e920aed7bb2445666d3cce17305e5b8ad
  slots: 5   seq_extra rows: 5
operator table:
  HEAD: FW_Combi(1)  n=1
  IMPL: FW_Combi(1)  n=3
  QUERY: FW_Combi(1)  n=4
  PREDICATE: FW_Combi(1)  n=6
  TAIL: FW_Combi(1)  n=1
constraints present: 0

raw values (declared per-slot sizes):
  HEAD: 1
  IMPL: 3
  QUERY: 4
  PREDICATE: 6
  TAIL: 1
per-slot Core rows:
  HEAD: 1  (EXACT — HEAD: FW_Combi(1)(n=1) -> FW_Combi(size))
  IMPL: 3  (EXACT — IMPL: FW_Combi(1)(n=3) -> FW_Combi(size))
  QUERY: 4  (EXACT — QUERY: FW_Combi(1)(n=4) -> FW_Combi(size))
  PREDICATE: 6  (EXACT — PREDICATE: FW_Combi(1)(n=6) -> FW_Combi(size))
  TAIL: 1  (EXACT — TAIL: FW_Combi(1)(n=1) -> FW_Combi(size))
mandatory Core product: 72  (EXACT — Π rows(sheet) over the mandatory sheets of the effective FW_Seq program)
estimated post-sieve: 72  (EXACT — = mandatory (no constraints declared -> sieve is a no-op))
optional multiplier: 1  (EXACT — no FW_Optional sheets -> factor 1)
final candidate count: 72  (EXACT — post_sieve × optional_multiplier)

summary: mandatory=72 (EXACT, before sieve)  post-sieve=72 (EXACT, after-sieve estimate)  optional×1 (EXACT)  final=72 (EXACT)

run class: S  (final candidate count = 72)
Core DB bytes: ~79200  [14400, 144000]  (ESTIMATED — Core DB bytes ≈ Core rows count [72, 72] × 200-2000 per unit)
    assumption: per-unit cost assumed in [200-2000] without a real sample — replace with a measured value (e.g. via `bundle doctor`/the stage benchmark harness) for a tighter range
Results DB bytes: ~59400  [10800, 108000]  (ESTIMATED — Results DB bytes ≈ verdict rows (V) count [72, 72] × 150-1500 per unit)
    assumption: per-unit cost assumed in [150-1500] without a real sample — replace with a measured value (e.g. via `bundle doctor`/the stage benchmark harness) for a tighter range
candidate source bytes: ~198000  [36000, 360000]  (ESTIMATED — candidate source bytes ≈ final candidates count [72, 72] × 500-5000 per unit)
    assumption: no template sample provided — candidate source size assumed in the generic range (500, 5000) bytes; pass a real sample (`template_sample_bytes`) for a sound estimate
    assumption: per-unit cost assumed in [500-5000] without a real sample — replace with a measured value (e.g. via `bundle doctor`/the stage benchmark harness) for a tighter range
loose-file inode count: ~72  [72, 72]  (ESTIMATED — loose-file inode count ≈ final candidates count [72, 72] × 1 per unit)
    assumption: one inode per loose candidate file — the compressed shard sink (STEP 32) would change this ratio; not yet active by default
    assumption: per-unit cost assumed in [1] without a real sample — replace with a measured value (e.g. via `bundle doctor`/the stage benchmark harness) for a tighter range
external request count: ~72  [72, 72]  (ESTIMATED — external request count ≈ measurement opportunities (I) count [72, 72] × 1 per unit)
    assumption: one execution request per candidate invocation; I = V + metric-only repeats (docs/24 §3.3)
    assumption: per-unit cost assumed in [1] without a real sample — replace with a measured value (e.g. via `bundle doctor`/the stage benchmark harness) for a tighter range
execution duration (s): ~73  [3, 144]  (ESTIMATED — execution duration (seconds) ≈ measurement opportunities (I) count [72, 72] × 0.05-2 per unit)
    assumption: per-candidate cost assumed in [0.05, 2] seconds, single worker — no parallelism/backpressure modelled (see STEP 33/34)
    assumption: with repeats active, duration ≈ I × per-candidate cost — the CONSERVATIVE assumption t_m == t_v (a metric-only re-measure costs as much as a full verdict); the split V·t_v + metric_only·t_m awaits Phase 4's measured t_m
    assumption: per-unit cost assumed in [0.05-2] without a real sample — replace with a measured value (e.g. via `bundle doctor`/the stage benchmark harness) for a tighter range
dominant resource: candidate source bytes  (largest assumed point estimate (198000) among sizable dimensions — a rough cross-unit signal only; budget gates (STEP 12) will provide a normalized ranking)

repeat plan: K=1 — repeat topology inactive (A=V=I=C); legacy single-run path

budget evaluation (analysis-only; the run path is the enforcement point):
  [WARNING] mandatory Core rows ~72 exceeds warning threshold 50 (hard limit 100)
  [WARNING] final candidates ~72 exceeds warning threshold 50 (hard limit 100)
  [OK] estimated disk bytes (Core+Results+sources) ~612000 within budget (limit 2e+08)
  [OK] estimated loose-file inodes ~72 within budget (limit 2e+06)
  [OK] estimated wall time (s) ~144 within budget (limit 600)
  [OK] estimated external requests ~72 within budget (limit 2e+06)
  [OK] estimated monetary cost: no limit configured

warnings: none
  ✓ plan -> 20-d14-sql-partitioning/planning/plan/plan.json  (FW_Seq graph sha256:13fb807d0abbbc795d162d1a12958cb78270d624346c834126b7b420e6c1cc67)
