spec 'shape'  (12-d11-coalition-value/planning/shape.toml)
  spec_version=1  sha256=2fd6a10adba538ecd975f0105d1048b89d9ec83df1943d2dedc664961e07aa8f
  slots: 3   seq_extra rows: 3
operator table:
  HEAD: FW_Combi(1)  n=1
  COALITION: FW_Subsets  n=6
  TAIL: FW_Combi(1)  n=1
constraints present: 0

raw values (declared per-slot sizes):
  HEAD: 1
  COALITION: 6
  TAIL: 1
per-slot Core rows:
  HEAD: 1  (EXACT — HEAD: FW_Combi(1)(n=1) -> FW_Combi(size))
  COALITION: 64  (EXACT — FW_Subsets over n=6 (the dual pass re-derives the same rows))
  TAIL: 1  (EXACT — TAIL: FW_Combi(1)(n=1) -> FW_Combi(size))
mandatory Core product: 64  (EXACT — Π rows(sheet) over the mandatory sheets of the effective FW_Seq program)
estimated post-sieve: 64  (EXACT — = mandatory (no constraints declared -> sieve is a no-op))
optional multiplier: 1  (EXACT — no FW_Optional sheets -> factor 1)
final candidate count: 64  (EXACT — post_sieve × optional_multiplier)

summary: mandatory=64 (EXACT, before sieve)  post-sieve=64 (EXACT, after-sieve estimate)  optional×1 (EXACT)  final=64 (EXACT)

run class: S  (final candidate count = 64)
Core DB bytes: ~70400  [12800, 128000]  (ESTIMATED — Core DB bytes ≈ Core rows count [64, 64] × 200-2000 per unit)
    assumption: per-unit cost assumed in [200-2000] without a real sample — replace with a measured value (e.g. via `bundle doctor`/the stage benchmark harness) for a tighter range
Results DB bytes: ~52800  [9600, 96000]  (ESTIMATED — Results DB bytes ≈ verdict rows (V) count [64, 64] × 150-1500 per unit)
    assumption: per-unit cost assumed in [150-1500] without a real sample — replace with a measured value (e.g. via `bundle doctor`/the stage benchmark harness) for a tighter range
candidate source bytes: ~176000  [32000, 320000]  (ESTIMATED — candidate source bytes ≈ final candidates count [64, 64] × 500-5000 per unit)
    assumption: no template sample provided — candidate source size assumed in the generic range (500, 5000) bytes; pass a real sample (`template_sample_bytes`) for a sound estimate
    assumption: per-unit cost assumed in [500-5000] without a real sample — replace with a measured value (e.g. via `bundle doctor`/the stage benchmark harness) for a tighter range
loose-file inode count: ~64  [64, 64]  (ESTIMATED — loose-file inode count ≈ final candidates count [64, 64] × 1 per unit)
    assumption: one inode per loose candidate file — the compressed shard sink (STEP 32) would change this ratio; not yet active by default
    assumption: per-unit cost assumed in [1] without a real sample — replace with a measured value (e.g. via `bundle doctor`/the stage benchmark harness) for a tighter range
external request count: ~64  [64, 64]  (ESTIMATED — external request count ≈ measurement opportunities (I) count [64, 64] × 1 per unit)
    assumption: one execution request per candidate invocation; I = V + metric-only repeats (docs/24 §3.3)
    assumption: per-unit cost assumed in [1] without a real sample — replace with a measured value (e.g. via `bundle doctor`/the stage benchmark harness) for a tighter range
execution duration (s): ~65  [3, 128]  (ESTIMATED — execution duration (seconds) ≈ measurement opportunities (I) count [64, 64] × 0.05-2 per unit)
    assumption: per-candidate cost assumed in [0.05, 2] seconds, single worker — no parallelism/backpressure modelled (see STEP 33/34)
    assumption: with repeats active, duration ≈ I × per-candidate cost — the CONSERVATIVE assumption t_m == t_v (a metric-only re-measure costs as much as a full verdict); the split V·t_v + metric_only·t_m awaits Phase 4's measured t_m
    assumption: per-unit cost assumed in [0.05-2] without a real sample — replace with a measured value (e.g. via `bundle doctor`/the stage benchmark harness) for a tighter range
dominant resource: candidate source bytes  (largest assumed point estimate (176000) among sizable dimensions — a rough cross-unit signal only; budget gates (STEP 12) will provide a normalized ranking)

repeat plan: K=1 — repeat topology inactive (A=V=I=C); legacy single-run path

budget evaluation (analysis-only; the run path is the enforcement point):
  [OK] mandatory Core rows ~64 within budget (limit 2e+06)
  [OK] final candidates ~64 within budget (limit 2e+06)
  [OK] estimated disk bytes (Core+Results+sources) ~544000 within budget (limit 2.14748e+10)
  [OK] estimated loose-file inodes ~64 within budget (limit 2e+06)
  [OK] estimated wall time (s) ~128 within budget (limit 86400)
  [OK] estimated external requests ~64 within budget (limit 2e+06)
  [OK] estimated monetary cost: no limit configured

warnings: none
  ✓ plan -> 12-d11-coalition-value/planning/plan/plan.json  (FW_Seq graph sha256:0084ebddcf0ce7e617fe6ca25717b3aa4fab186283ae516b927b6d5282fdf0ca)
