spec 'shape'  (11-d10-diagnostic-sensors/planning/shape.toml)
  spec_version=1  sha256=26ba864f46e5a7b284b5ce4cecef230d706ebe1de45bff568a7edfc4579d6754
  slots: 4   seq_extra rows: 4
operator table:
  HEAD: FW_Combi(1)  n=1
  SENSORS: FW_Subsets  n=8
  FAULT: FW_Combi(1)  n=12
  TAIL: FW_Combi(1)  n=1
constraints present: 0

raw values (declared per-slot sizes):
  HEAD: 1
  SENSORS: 8
  FAULT: 12
  TAIL: 1
per-slot Core rows:
  HEAD: 1  (EXACT — HEAD: FW_Combi(1)(n=1) -> FW_Combi(size))
  SENSORS: 256  (EXACT — FW_Subsets over n=8 (the dual pass re-derives the same rows))
  FAULT: 12  (EXACT — FAULT: FW_Combi(1)(n=12) -> FW_Combi(size))
  TAIL: 1  (EXACT — TAIL: FW_Combi(1)(n=1) -> FW_Combi(size))
mandatory Core product: 3072  (EXACT — Π rows(sheet) over the mandatory sheets of the effective FW_Seq program)
estimated post-sieve: 3072  (EXACT — = mandatory (no constraints declared -> sieve is a no-op))
optional multiplier: 1  (EXACT — no FW_Optional sheets -> factor 1)
final candidate count: 3072  (EXACT — post_sieve × optional_multiplier)

summary: mandatory=3072 (EXACT, before sieve)  post-sieve=3072 (EXACT, after-sieve estimate)  optional×1 (EXACT)  final=3072 (EXACT)

run class: B  (final candidate count = 3072)
Core DB bytes: ~3379200  [614400, 6144000]  (ESTIMATED — Core DB bytes ≈ Core rows count [3072, 3072] × 200-2000 per unit)
    assumption: per-unit cost assumed in [200-2000] without a real sample — replace with a measured value (e.g. via `bundle doctor`/the stage benchmark harness) for a tighter range
Results DB bytes: ~2534400  [460800, 4608000]  (ESTIMATED — Results DB bytes ≈ verdict rows (V) count [3072, 3072] × 150-1500 per unit)
    assumption: per-unit cost assumed in [150-1500] without a real sample — replace with a measured value (e.g. via `bundle doctor`/the stage benchmark harness) for a tighter range
candidate source bytes: ~8448000  [1536000, 15360000]  (ESTIMATED — candidate source bytes ≈ final candidates count [3072, 3072] × 500-5000 per unit)
    assumption: no template sample provided — candidate source size assumed in the generic range (500, 5000) bytes; pass a real sample (`template_sample_bytes`) for a sound estimate
    assumption: per-unit cost assumed in [500-5000] without a real sample — replace with a measured value (e.g. via `bundle doctor`/the stage benchmark harness) for a tighter range
loose-file inode count: ~3072  [3072, 3072]  (ESTIMATED — loose-file inode count ≈ final candidates count [3072, 3072] × 1 per unit)
    assumption: one inode per loose candidate file — the compressed shard sink (STEP 32) would change this ratio; not yet active by default
    assumption: per-unit cost assumed in [1] without a real sample — replace with a measured value (e.g. via `bundle doctor`/the stage benchmark harness) for a tighter range
external request count: ~3072  [3072, 3072]  (ESTIMATED — external request count ≈ measurement opportunities (I) count [3072, 3072] × 1 per unit)
    assumption: one execution request per candidate invocation; I = V + metric-only repeats (docs/24 §3.3)
    assumption: per-unit cost assumed in [1] without a real sample — replace with a measured value (e.g. via `bundle doctor`/the stage benchmark harness) for a tighter range
execution duration (s): ~3148  [153, 6144]  (ESTIMATED — execution duration (seconds) ≈ measurement opportunities (I) count [3072, 3072] × 0.05-2 per unit)
    assumption: per-candidate cost assumed in [0.05, 2] seconds, single worker — no parallelism/backpressure modelled (see STEP 33/34)
    assumption: with repeats active, duration ≈ I × per-candidate cost — the CONSERVATIVE assumption t_m == t_v (a metric-only re-measure costs as much as a full verdict); the split V·t_v + metric_only·t_m awaits Phase 4's measured t_m
    assumption: per-unit cost assumed in [0.05-2] without a real sample — replace with a measured value (e.g. via `bundle doctor`/the stage benchmark harness) for a tighter range
dominant resource: candidate source bytes  (largest assumed point estimate (8448000) among sizable dimensions — a rough cross-unit signal only; budget gates (STEP 12) will provide a normalized ranking)

repeat plan: K=1 — repeat topology inactive (A=V=I=C); legacy single-run path

budget evaluation (analysis-only; the run path is the enforcement point):
  [OK] mandatory Core rows ~3072 within budget (limit 2e+06)
  [OK] final candidates ~3072 within budget (limit 2e+06)
  [OK] estimated disk bytes (Core+Results+sources) ~2.6112e+07 within budget (limit 2.14748e+10)
  [OK] estimated loose-file inodes ~3072 within budget (limit 2e+06)
  [OK] estimated wall time (s) ~6144 within budget (limit 86400)
  [OK] estimated external requests ~3072 within budget (limit 2e+06)
  [OK] estimated monetary cost: no limit configured

warnings: none
  ✓ plan -> 11-d10-diagnostic-sensors/planning/plan/plan.json  (FW_Seq graph sha256:6d7b16a67c5daf178db19d5e38f4530f74f220a9e273deb267868d037ccc2edf)
