spec 'shape'  (22-d15-fault-schedules/planning/shape.toml)
  spec_version=1  sha256=ad1d90759163d6acbe7aab79545a2c768eab1931926078c5f46e5d454873daca
  slots: 7   seq_extra rows: 7
operator table:
  HEAD: FW_Combi(1)  n=1
  IMPL: FW_Combi(1)  n=3
  FAIL: FW_Subsets  n=3
  CUT: FW_Combi(1)  n=4
  KIND: FW_Combi(1)  n=2
  RETRY: FW_Combi(1)  n=2
  TAIL: FW_Combi(1)  n=1
constraints present: 1

raw values (declared per-slot sizes):
  HEAD: 1
  IMPL: 3
  FAIL: 3
  CUT: 4
  KIND: 2
  RETRY: 2
  TAIL: 1
per-slot Core rows:
  HEAD: 1  (EXACT — HEAD: FW_Combi(1)(n=1) -> FW_Combi(size))
  IMPL: 3  (EXACT — IMPL: FW_Combi(1)(n=3) -> FW_Combi(size))
  FAIL: 7  (EXACT — FAIL: FW_Subsets(n=3) -> FW_Combi(size))
  CUT: 4  (EXACT — CUT: FW_Combi(1)(n=4) -> FW_Combi(size))
  KIND: 2  (EXACT — KIND: FW_Combi(1)(n=2) -> FW_Combi(size))
  RETRY: 2  (EXACT — RETRY: FW_Combi(1)(n=2) -> FW_Combi(size))
  TAIL: 1  (EXACT — TAIL: FW_Combi(1)(n=1) -> FW_Combi(size))
mandatory Core product: 336  (EXACT — Π rows(sheet) over the mandatory sheets of the effective FW_Seq program)
estimated post-sieve: 336  (BOUNDED [0, 336] — [0, mandatory] (sieve predicate selectivity not evaluated))
    reason: 1 constraint(s) declared
optional multiplier: 1  (EXACT — no FW_Optional sheets -> factor 1)
final candidate count: 336  (BOUNDED [0, 336] — post_sieve × optional_multiplier)
    reason: each FW_Optional sheet independently multiplies the post-sieve space
    reason: product includes BOUNDED factor(s); range multiplies componentwise (lower×lower, upper×upper)

summary: mandatory=336 (EXACT, before sieve)  post-sieve=336 (BOUNDED, after-sieve estimate)  optional×1 (EXACT)  final=336 (BOUNDED)

run class: S  (final candidate count = 336)
Core DB bytes: ~369600  [67200, 672000]  (ESTIMATED — Core DB bytes ≈ Core rows count [336, 336] × 200-2000 per unit)
    assumption: per-unit cost assumed in [200-2000] without a real sample — replace with a measured value (e.g. via `bundle doctor`/the stage benchmark harness) for a tighter range
Results DB bytes: ~277200  [0, 504000]  (ESTIMATED — Results DB bytes ≈ verdict rows (V) count [0, 336] × 150-1500 per unit)
    assumption: per-unit cost assumed in [150-1500] without a real sample — replace with a measured value (e.g. via `bundle doctor`/the stage benchmark harness) for a tighter range
candidate source bytes: ~924000  [0, 1680000]  (ESTIMATED — candidate source bytes ≈ final candidates count [0, 336] × 500-5000 per unit)
    assumption: no template sample provided — candidate source size assumed in the generic range (500, 5000) bytes; pass a real sample (`template_sample_bytes`) for a sound estimate
    assumption: per-unit cost assumed in [500-5000] without a real sample — replace with a measured value (e.g. via `bundle doctor`/the stage benchmark harness) for a tighter range
loose-file inode count: ~336  [0, 336]  (ESTIMATED — loose-file inode count ≈ final candidates count [0, 336] × 1 per unit)
    assumption: one inode per loose candidate file — the compressed shard sink (STEP 32) would change this ratio; not yet active by default
    assumption: per-unit cost assumed in [1] without a real sample — replace with a measured value (e.g. via `bundle doctor`/the stage benchmark harness) for a tighter range
external request count: ~336  [0, 336]  (ESTIMATED — external request count ≈ measurement opportunities (I) count [0, 336] × 1 per unit)
    assumption: one execution request per candidate invocation; I = V + metric-only repeats (docs/24 §3.3)
    assumption: per-unit cost assumed in [1] without a real sample — replace with a measured value (e.g. via `bundle doctor`/the stage benchmark harness) for a tighter range
execution duration (s): ~344  [0, 672]  (ESTIMATED — execution duration (seconds) ≈ measurement opportunities (I) count [0, 336] × 0.05-2 per unit)
    assumption: per-candidate cost assumed in [0.05, 2] seconds, single worker — no parallelism/backpressure modelled (see STEP 33/34)
    assumption: with repeats active, duration ≈ I × per-candidate cost — the CONSERVATIVE assumption t_m == t_v (a metric-only re-measure costs as much as a full verdict); the split V·t_v + metric_only·t_m awaits Phase 4's measured t_m
    assumption: per-unit cost assumed in [0.05-2] without a real sample — replace with a measured value (e.g. via `bundle doctor`/the stage benchmark harness) for a tighter range
dominant resource: candidate source bytes  (largest assumed point estimate (924000) among sizable dimensions — a rough cross-unit signal only; budget gates (STEP 12) will provide a normalized ranking)

repeat plan: K=1 — repeat topology inactive (A=V=I=C); legacy single-run path

budget evaluation (analysis-only; the run path is the enforcement point):
  [WARNING] mandatory Core rows ~336 exceeds warning threshold 200 (hard limit 400)
  [WARNING] final candidates ~336 exceeds warning threshold 200 (hard limit 400)
  [OK] estimated disk bytes (Core+Results+sources) ~2.856e+06 within budget (limit 2e+08)
  [OK] estimated loose-file inodes ~336 within budget (limit 2e+06)
  [WARNING] estimated wall time (s) ~672 exceeds warning threshold 600 (hard limit 1200)
  [OK] estimated external requests ~336 within budget (limit 2e+06)
  [OK] estimated monetary cost: no limit configured

warnings (2):
  ! 1 constraint(s) declared — post-sieve count is only bounded [0, 336], not predicted exactly (sieve selectivity is not evaluated without running it)
  ! final candidate count is BOUNDED [0, 336], not an exact prediction — treat 336 as an upper-bound planning figure
  ✓ plan -> 22-d15-fault-schedules/planning/plan/plan.json  (FW_Seq graph sha256:e2da9a88f2766c6fe79bb565ea4cd6579bc2a18a97e3709892252b48046648e3)
