spec 'shape'  (17-d13-session-memory/planning/shape.toml)
  spec_version=1  sha256=fb514f5605ddeef6c0d884038c98ec6c94e14519ee3fe480fe296eadaed523aa
  slots: 12   seq_extra rows: 12
operator table:
  HEAD: FW_Combi(1)  n=1
  IMPL: FW_Combi(1)  n=4
  WRITE_AT: FW_Combi(1)  n=2
  U1: FW_Combi(1)  n=1
  U2: FW_Combi(1)  n=2
  U3: FW_Combi(1)  n=3
  S1: FW_Combi(1)  n=1
  S2: FW_Combi(1)  n=2
  S3: FW_Combi(1)  n=3
  R12: FW_Combi(1)  n=2
  R23: FW_Combi(1)  n=2
  TAIL: FW_Combi(1)  n=1
constraints present: 2

raw values (declared per-slot sizes):
  HEAD: 1
  IMPL: 4
  WRITE_AT: 2
  U1: 1
  U2: 2
  U3: 3
  S1: 1
  S2: 2
  S3: 3
  R12: 2
  R23: 2
  TAIL: 1
per-slot Core rows:
  HEAD: 1  (EXACT — HEAD: FW_Combi(1)(n=1) -> FW_Combi(size))
  IMPL: 4  (EXACT — IMPL: FW_Combi(1)(n=4) -> FW_Combi(size))
  WRITE_AT: 2  (EXACT — WRITE_AT: FW_Combi(1)(n=2) -> FW_Combi(size))
  U1: 1  (EXACT — U1: FW_Combi(1)(n=1) -> FW_Combi(size))
  U2: 2  (EXACT — U2: FW_Combi(1)(n=2) -> FW_Combi(size))
  U3: 3  (EXACT — U3: FW_Combi(1)(n=3) -> FW_Combi(size))
  S1: 1  (EXACT — S1: FW_Combi(1)(n=1) -> FW_Combi(size))
  S2: 2  (EXACT — S2: FW_Combi(1)(n=2) -> FW_Combi(size))
  S3: 3  (EXACT — S3: FW_Combi(1)(n=3) -> FW_Combi(size))
  R12: 2  (EXACT — R12: FW_Combi(1)(n=2) -> FW_Combi(size))
  R23: 2  (EXACT — R23: FW_Combi(1)(n=2) -> FW_Combi(size))
  TAIL: 1  (EXACT — TAIL: FW_Combi(1)(n=1) -> FW_Combi(size))
mandatory Core product: 1152  (EXACT — Π rows(sheet) over the mandatory sheets of the effective FW_Seq program)
estimated post-sieve: 1152  (BOUNDED [0, 1152] — [0, mandatory] (sieve predicate selectivity not evaluated))
    reason: 2 constraint(s) declared
optional multiplier: 1  (EXACT — no FW_Optional sheets -> factor 1)
final candidate count: 1152  (BOUNDED [0, 1152] — post_sieve × optional_multiplier)
    reason: each FW_Optional sheet independently multiplies the post-sieve space
    reason: product includes BOUNDED factor(s); range multiplies componentwise (lower×lower, upper×upper)

summary: mandatory=1152 (EXACT, before sieve)  post-sieve=1152 (BOUNDED, after-sieve estimate)  optional×1 (EXACT)  final=1152 (BOUNDED)

run class: B  (final candidate count = 1152)
Core DB bytes: ~1267200  [230400, 2304000]  (ESTIMATED — Core DB bytes ≈ Core rows count [1152, 1152] × 200-2000 per unit)
    assumption: per-unit cost assumed in [200-2000] without a real sample — replace with a measured value (e.g. via `bundle doctor`/the stage benchmark harness) for a tighter range
Results DB bytes: ~950400  [0, 1728000]  (ESTIMATED — Results DB bytes ≈ verdict rows (V) count [0, 1152] × 150-1500 per unit)
    assumption: per-unit cost assumed in [150-1500] without a real sample — replace with a measured value (e.g. via `bundle doctor`/the stage benchmark harness) for a tighter range
candidate source bytes: ~3168000  [0, 5760000]  (ESTIMATED — candidate source bytes ≈ final candidates count [0, 1152] × 500-5000 per unit)
    assumption: no template sample provided — candidate source size assumed in the generic range (500, 5000) bytes; pass a real sample (`template_sample_bytes`) for a sound estimate
    assumption: per-unit cost assumed in [500-5000] without a real sample — replace with a measured value (e.g. via `bundle doctor`/the stage benchmark harness) for a tighter range
loose-file inode count: ~1152  [0, 1152]  (ESTIMATED — loose-file inode count ≈ final candidates count [0, 1152] × 1 per unit)
    assumption: one inode per loose candidate file — the compressed shard sink (STEP 32) would change this ratio; not yet active by default
    assumption: per-unit cost assumed in [1] without a real sample — replace with a measured value (e.g. via `bundle doctor`/the stage benchmark harness) for a tighter range
external request count: ~1152  [0, 1152]  (ESTIMATED — external request count ≈ measurement opportunities (I) count [0, 1152] × 1 per unit)
    assumption: one execution request per candidate invocation; I = V + metric-only repeats (docs/24 §3.3)
    assumption: per-unit cost assumed in [1] without a real sample — replace with a measured value (e.g. via `bundle doctor`/the stage benchmark harness) for a tighter range
execution duration (s): ~1180  [0, 2304]  (ESTIMATED — execution duration (seconds) ≈ measurement opportunities (I) count [0, 1152] × 0.05-2 per unit)
    assumption: per-candidate cost assumed in [0.05, 2] seconds, single worker — no parallelism/backpressure modelled (see STEP 33/34)
    assumption: with repeats active, duration ≈ I × per-candidate cost — the CONSERVATIVE assumption t_m == t_v (a metric-only re-measure costs as much as a full verdict); the split V·t_v + metric_only·t_m awaits Phase 4's measured t_m
    assumption: per-unit cost assumed in [0.05-2] without a real sample — replace with a measured value (e.g. via `bundle doctor`/the stage benchmark harness) for a tighter range
dominant resource: candidate source bytes  (largest assumed point estimate (3168000) among sizable dimensions — a rough cross-unit signal only; budget gates (STEP 12) will provide a normalized ranking)

repeat plan: K=1 — repeat topology inactive (A=V=I=C); legacy single-run path

budget evaluation (analysis-only; the run path is the enforcement point):
  [WARNING] mandatory Core rows ~1152 exceeds warning threshold 600 (hard limit 1200)
  [WARNING] final candidates ~1152 exceeds warning threshold 600 (hard limit 1200)
  [OK] estimated disk bytes (Core+Results+sources) ~9.792e+06 within budget (limit 1.5e+08)
  [OK] estimated loose-file inodes ~1152 within budget (limit 2e+06)
  [WARNING] estimated wall time (s) ~2304 exceeds warning threshold 1500 (hard limit 3000)
  [OK] estimated external requests ~1152 within budget (limit 2e+06)
  [OK] estimated monetary cost: no limit configured

warnings (2):
  ! 2 constraint(s) declared — post-sieve count is only bounded [0, 1152], not predicted exactly (sieve selectivity is not evaluated without running it)
  ! final candidate count is BOUNDED [0, 1152], not an exact prediction — treat 1152 as an upper-bound planning figure
  ✓ plan -> 17-d13-session-memory/planning/plan/plan.json  (FW_Seq graph sha256:e5c661b8204422ab9dd6515d383ae97ac95c91058ecb664dff28cd95201b6ae6)
